../Core/Src/main.c:75:6:HAL_UART_RxCpltCallback	16	static
../Core/Src/main.c:89:6:HAL_GPIO_EXTI_Callback	16	static
../Core/Src/main.c:104:6:heartbeat	8	static
../Core/Src/main.c:113:6:turn_signal_left	8	static
../Core/Src/main.c:133:5:main	32	static
../Core/Src/main.c:208:6:SystemClock_Config	96	static
../Core/Src/main.c:259:13:MX_USART2_UART_Init	8	static
../Core/Src/main.c:294:13:MX_USART3_UART_Init	8	static
../Core/Src/main.c:329:13:MX_GPIO_Init	40	static
../Core/Src/main.c:390:6:Error_Handler	4	static,ignoring_inline_asm
